// Jest Snapshot v1, https://goo.gl/fbAQLP

exports[`render ItemProductList 1`] = `
<View
  accessibilityState={
    {
      "busy": undefined,
      "checked": undefined,
      "disabled": undefined,
      "expanded": undefined,
      "selected": undefined,
    }
  }
  accessibilityValue={
    {
      "max": undefined,
      "min": undefined,
      "now": undefined,
      "text": undefined,
    }
  }
  accessible={true}
  collapsable={false}
  focusable={true}
  onBlur={[Function]}
  onClick={[Function]}
  onFocus={[Function]}
  onResponderGrant={[Function]}
  onResponderMove={[Function]}
  onResponderRelease={[Function]}
  onResponderTerminate={[Function]}
  onResponderTerminationRequest={[Function]}
  onStartShouldSetResponder={[Function]}
  style={
    [
      {
        "alignItems": "center",
        "backgroundColor": "#ffffff",
        "borderColor": "#eaecf3",
        "borderWidth": 1,
        "flexDirection": "row",
        "padding": 12,
      },
      {
        "opacity": 1,
      },
    ]
  }
>
  <View
    style={
      {
        "flex": 1,
      }
    }
  >
    <Text
      style={
        {
          "fontWeight": "bold",
        }
      }
    >
      Test name
    </Text>
    <Text
      style={
        {
          "marginTop": 6,
        }
      }
    >
      ID: 
      123
    </Text>
  </View>
  <Image
    source={
      {
        "testUri": "../../../src/assets/icons/chevron-right-icon.png",
      }
    }
    style={
      {
        "height": 12,
        "resizeMode": "contain",
        "width": 12,
      }
    }
  />
</View>
`;
