// Jest Snapshot v1, https://goo.gl/fbAQLP

exports[`render TextInput 1`] = `
[
  <Text
    style={
      {
        "fontSize": 12,
        "fontWeight": "600",
        "marginBottom": 6,
        "marginTop": 18,
      }
    }
  />,
  <TextInput
    placeholderTextColor="#000000"
    style={
      [
        {
          "backgroundColor": "#ffffff",
          "borderColor": "#eaecf3",
          "borderRadius": 6,
          "borderWidth": 2,
          "padding": 12,
        },
        undefined,
        false,
        undefined,
      ]
    }
  />,
]
`;
